
Started Import Process
# System Details: 
Debug Mode 		: Désactivé
Operating System 	: WINNT
Software 		: Apache/2.4.58 (Win64) OpenSSL/3.1.3 PHP/8.2.12
MySQL version 		: 10.4.32
XML Reader 		: Oui
PHP Version 		: 8.2.12
PHP Max Input Vars 	: 1000
PHP Max Post Size 	: 40M
PHP Extension GD 	: Non
PHP Max Execution Time 	: 300
Max Upload Size 	: 40 Mo
Memory Limit 		: Limite de mémoire actuelle 40M. Nous recommandons de régler la mémoire à au moins 64M.
Timezone 		: Europe/Paris

-----

Importing Started! - 20:00:48 UTC
---

WHY IMPORT PROCESS CAN FAIL? READ THIS - 
https://wpastra.com/docs/?p=1314&utm_source=demo-import-panel&utm_campaign=import-error&utm_medium=wp-dashboard

---
